// Jest Snapshot v1, https://goo.gl/fbAQLP

exports[`Pruebas en <FirtsApp /> Debe de hacer match con el snapshot 1`] = `
<div>
  <h1
    data-testid="test-title"
  >
    Hola soy goku
  </h1>
  <p>
    123
  </p>
  <p>
    123
  </p>
  <p>
    Juan Pablo
  </p>
</div>
`;
