// Jest Snapshot v1, https://goo.gl/fbAQLP

exports[`Pruebas en GifItem Debe de hacer match con el snapshot 1`] = `
<div>
  <div
    class="card"
  >
    <img
      alt="Prueba title"
      src="https://media0.giphy.com/media/WOb8EeFziTQNE02WXs/giphy.gif?cid=037b74a2hmcwb6p2w4ur7qy6sdsxwc79kgp6zttlp70mk3ku&rid=giphy.gif&ct=g"
    />
    <p>
      Prueba title
    </p>
  </div>
</div>
`;
